npm warn Unknown env config "devdir". This will stop working in the next major version of npm. See `npm help npmrc` for supported config options.

Running 8 tests using 1 worker

(node:44548) Warning: The 'NO_COLOR' env is ignored due to the 'FORCE_COLOR' env being set.
(Use `node --trace-warnings ...` to show where the warning was created)
(node:44548) Warning: The 'NO_COLOR' env is ignored due to the 'FORCE_COLOR' env being set.
(Use `node --trace-warnings ...` to show where the warning was created)
[scenario] CANCEL_INCOME_MONTHLY_AT_PERIOD_END: Paid Income Builder monthly user cancels at period end; access stays until the end date and the cancellation can be resumed.
cx-inc-m Email: imhardikthanki+cx-inc-m-muxusc73@gmail.com
cx-inc-m Mobile: 2015553607
[INFO] Opening application
[CLICK] Open Start 30-Day Free Trial
[PASS] Registration page opened
[STEP] Registering: imhardikthanki+cx-inc-m-muxusc73@gmail.com
Registration Email: imhardikthanki+cx-inc-m-muxusc73@gmail.com
[CLICK] Send Code via SMS
Send OTP 200 {"data":{"sent":true,"requestId":"dev-bypass"}}
[INFO] Entering OTP 111111
Verify OTP 200 {"data":{"verified":true,"phone":"+12015553607","token":"KzEyMDE1NTUzNjA3LjE3OTEzNjI3ODYxMzkub29tV3JhdmllLUQ1ZWZGdzRYd1hGUEdCajlZZC05cUp3anZ2STF4cFJSSQ"}}
[PASS] OTP Verify Clicked
[CLICK] Submit Registration
[PASS] Registration successful. Verification email sent.
Email verification for imhardikthanki+cx-inc-m-muxusc73@gmail.com. Gmail IMAP: enabled
Reading verification email from Gmail for imhardikthanki+cx-inc-m-muxusc73@gmail.com
Found verification link in Gmail [Gmail]/All Mail UID 3793
Opened verification link from Gmail inbox
[INFO] Logging in
Login Attempt 1
[CLICK] Submit Login
[PASS] Logged in successfully
Current URL: https://uat.ooltool.com/onboarding
[INFO] Mobile verification step not shown
[INFO] Filling Risk Profile
[STEP] Open Experience Dropdown
[CLICK] Open Experience Dropdown
[CLICK] Select 3-5 years
 Options Experience  Beginner
[CLICK] Select Beginner
 Multi-leg Strategies  No
[CLICK] Select No
 Risk Tolerance  Moderate
[CLICK] Select Moderate
 Portfolio Loss  Keeping default 10%
 Preferred Duration  30-60 days
 Allowed Strategy  Covered Calls
 Allowed Strategy  Cash Secured Puts
 Account Type  Cash
 Cash Account Type selected
[CLICK] Save Risk Profile
[PASS] Risk Profile completed
Dropdown 0: 3-5 years Visible: [33mfalse[39m
Dropdown 1: United States Visible: [33mtrue[39m
Dropdown 2: Select Visible: [33mtrue[39m
Dropdown 3: Select level Visible: [33mtrue[39m
 Compliance tab opened successfully
[INFO] Filling Compliance Profile
[CLICK] Open State Dropdown
[CLICK] Select State
Selected State: Alabama
[PASS] State Selected
Found 5 disclosure(s)
[INFO] Processing Disclosure 1 of 5
[CLICK] Open Disclosure 1
[CLICK] Accept Disclosure 1
[PASS] Disclosure 1 Accepted
[INFO] Processing Disclosure 2 of 5
[CLICK] Open Disclosure 2
[CLICK] Accept Disclosure 2
[PASS] Disclosure 2 Accepted
[INFO] Processing Disclosure 3 of 5
[CLICK] Open Disclosure 3
[CLICK] Accept Disclosure 3
[PASS] Disclosure 3 Accepted
[INFO] Processing Disclosure 4 of 5
[CLICK] Open Disclosure 4
[CLICK] Accept Disclosure 4
[PASS] Disclosure 4 Accepted
[INFO] Processing Disclosure 5 of 5
[CLICK] Open Disclosure 5
[CLICK] Accept Disclosure 5
[PASS] Disclosure 5 Accepted
[CLICK] Save Compliance Profile
[URL] https://uat.ooltool.com/onboarding
[CANCEL_INCOME_MONTHLY_AT_PERIOD_END] disposable user: imhardikthanki+cx-inc-m-muxusc73@gmail.com
[INFO] Selecting monthly billing
[PASS] Monthly billing selected
[INFO] Selecting Income Builder Plan
[INFO] Validating Income Builder plan visibility
[PASS] Income Builder plan is visible
[CLICK] Income Builder Plan
[CLICK] Complete Setup
[PASS] Income Builder selected
[INFO] Completing Stripe Payment
[PASS] Stripe Checkout Loaded
[PASS] Stripe Card Fields Visible
[PASS] Card Number Entered (...4242)
[PASS] Expiry Entered
[PASS] CVC Entered
[PASS] Billing Name Entered
[PASS] Country Selected India
[CLICK] Complete Payment
[PASS] Payment Submitted
[URL] https://uat.ooltool.com/dashboard?checkout=success
[DONE] Payment Completed
[INFO] Validating Dashboard
[PASS] Dashboard Loaded
[INFO] Validating active Billing plan: Income Builder
[INFO] Validating Billing Overview
[INFO] Opening billing route directly
[PASS] Billing Page Opened
[CLICK] Open Plans Tab
[PASS] Active Billing plan validated: Income Builder
[INFO] Submitting monthly cancel at period end
[INFO] Opening cancel subscription host
[INFO] Validating Billing Overview
[PASS] Billing Page Opened
[CLICK] Open Cancel Subscription
[PASS] In-app cancel subscription host opened
[CLICK] Submit monthly cancel at period end
