npm warn Unknown env config "devdir". This will stop working in the next major version of npm. See `npm help npmrc` for supported config options.

Running 2 tests using 1 worker

(node:44576) Warning: The 'NO_COLOR' env is ignored due to the 'FORCE_COLOR' env being set.
(Use `node --trace-warnings ...` to show where the warning was created)
(node:44576) Warning: The 'NO_COLOR' env is ignored due to the 'FORCE_COLOR' env being set.
(Use `node --trace-warnings ...` to show where the warning was created)
[scenario] CANCEL_DOUBLE_CLICK_INCOME_MONTHLY: Paid Income Builder monthly user double-clicks the final cancellation confirmation; expects one cancellation.
cx-dbl Email: imhardikthanki+cx-dbl-muxushka@gmail.com
cx-dbl Mobile: 2015555335
[INFO] Opening application
[CLICK] Open Start 30-Day Free Trial
[PASS] Registration page opened
[STEP] Registering: imhardikthanki+cx-dbl-muxushka@gmail.com
Registration Email: imhardikthanki+cx-dbl-muxushka@gmail.com
[CLICK] Send Code via SMS
Send OTP 200 {"data":{"sent":true,"requestId":"dev-bypass"}}
[INFO] Entering OTP 111111
Verify OTP 200 {"data":{"verified":true,"phone":"+12015555335","token":"KzEyMDE1NTU1MzM1LjE3OTEzNjI3OTI4NzAuOUc0UmpoYzBRRHFkNlhIaHdjZU9vTXFJS2loMWNfa1FlNEYyMWpUd1B0cw"}}
[PASS] OTP Verify Clicked
[CLICK] Submit Registration
[PASS] Registration successful. Verification email sent.
Email verification for imhardikthanki+cx-dbl-muxushka@gmail.com. Gmail IMAP: enabled
Reading verification email from Gmail for imhardikthanki+cx-dbl-muxushka@gmail.com
Found verification link in Gmail INBOX UID 3792
Opened verification link from Gmail inbox
[INFO] Logging in
Login Attempt 1
[CLICK] Submit Login
[PASS] Logged in successfully
Current URL: https://uat.ooltool.com/onboarding
[INFO] Mobile verification step not shown
[INFO] Filling Risk Profile
[STEP] Open Experience Dropdown
[CLICK] Open Experience Dropdown
[CLICK] Select 3-5 years
 Options Experience  Beginner
[CLICK] Select Beginner
 Multi-leg Strategies  No
[CLICK] Select No
 Risk Tolerance  Moderate
[CLICK] Select Moderate
 Portfolio Loss  Keeping default 10%
 Preferred Duration  30-60 days
 Allowed Strategy  Covered Calls
 Allowed Strategy  Cash Secured Puts
 Account Type  Cash
 Cash Account Type selected
[CLICK] Save Risk Profile
[PASS] Risk Profile completed
Dropdown 0: 3-5 years Visible: [33mfalse[39m
Dropdown 1: United States Visible: [33mtrue[39m
Dropdown 2: Select Visible: [33mtrue[39m
Dropdown 3: Select level Visible: [33mtrue[39m
 Compliance tab opened successfully
[INFO] Filling Compliance Profile
[CLICK] Open State Dropdown
[CLICK] Select State
Selected State: Alabama
[PASS] State Selected
Found 5 disclosure(s)
[INFO] Processing Disclosure 1 of 5
[CLICK] Open Disclosure 1
[CLICK] Accept Disclosure 1
[PASS] Disclosure 1 Accepted
[INFO] Processing Disclosure 2 of 5
[CLICK] Open Disclosure 2
[CLICK] Accept Disclosure 2
[PASS] Disclosure 2 Accepted
[INFO] Processing Disclosure 3 of 5
[CLICK] Open Disclosure 3
[CLICK] Accept Disclosure 3
[PASS] Disclosure 3 Accepted
[INFO] Processing Disclosure 4 of 5
[CLICK] Open Disclosure 4
[CLICK] Accept Disclosure 4
[PASS] Disclosure 4 Accepted
[INFO] Processing Disclosure 5 of 5
[CLICK] Open Disclosure 5
[CLICK] Accept Disclosure 5
[PASS] Disclosure 5 Accepted
[CLICK] Save Compliance Profile
[URL] https://uat.ooltool.com/onboarding
[CANCEL_DOUBLE_CLICK_INCOME_MONTHLY] disposable user: imhardikthanki+cx-dbl-muxushka@gmail.com
[INFO] Selecting monthly billing
[PASS] Monthly billing selected
[INFO] Selecting Income Builder Plan
[INFO] Validating Income Builder plan visibility
[PASS] Income Builder plan is visible
[CLICK] Income Builder Plan
[CLICK] Complete Setup
[PASS] Income Builder selected
[INFO] Completing Stripe Payment
[PASS] Stripe Checkout Loaded
[PASS] Stripe Card Fields Visible
[PASS] Card Number Entered (...4242)
[PASS] Expiry Entered
[PASS] CVC Entered
[PASS] Billing Name Entered
[PASS] Country Selected India
[CLICK] Complete Payment
[PASS] Payment Submitted
[URL] https://uat.ooltool.com/dashboard?checkout=success
[DONE] Payment Completed
