npm warn Unknown env config "devdir". This will stop working in the next major version of npm. See `npm help npmrc` for supported config options.

Running 12 tests using 1 worker

(node:32376) Warning: The 'NO_COLOR' env is ignored due to the 'FORCE_COLOR' env being set.
(Use `node --trace-warnings ...` to show where the warning was created)
(node:32376) Warning: The 'NO_COLOR' env is ignored due to the 'FORCE_COLOR' env being set.
(Use `node --trace-warnings ...` to show where the warning was created)
[scenario] DOWNGRADE_OVERLAY_TO_INCOME_MONTHLY: Paid Overlay Strategists monthly user schedules a downgrade to Income Builder monthly and keeps access until renewal.
dn-ovl-inc-m Email: imhardikthanki+dn-ovl-inc-m-muxurlun@gmail.com
dn-ovl-inc-m Mobile: 2015551880
[INFO] Opening application
[CLICK] Open Start 30-Day Free Trial
[PASS] Registration page opened
[STEP] Registering: imhardikthanki+dn-ovl-inc-m-muxurlun@gmail.com
Registration Email: imhardikthanki+dn-ovl-inc-m-muxurlun@gmail.com
[CLICK] Send Code via SMS
Send OTP 429 {"error":"Too many OTP requests. Try again in 26s.","code":"RATE_LIMITED","request_id":"d5ecf4c1-28f5-4650-8b38-0f2ebfbb9f82"}
[INFO] OTP input not visible after SMS request. Attempt 1/4. Send status 429. Visible diagnostics: mobile="2015551880", sendCodeEnabled=true; OR SIGN UP WITH EMAIL & MOBILE | Mobile number | US mobile numbers only. We’ll text you a one-time code. | Send code via SMS
[INFO] OTP rate limit. Waiting 31s, then sending on 2015556017.
[CLICK] Send Code via SMS (DOM click)
Send OTP 200 {"data":{"sent":true,"requestId":"dev-bypass"}}
[INFO] Entering OTP 111111
Verify OTP 200 {"data":{"verified":true,"phone":"+12015556017","token":"KzEyMDE1NTU2MDE3LjE3OTEzNjI4MDc0NDMuZmQ5ei1fQ1lVSGZvZndyTEFfVnpCd21Xc1p6TkttUEVzT3RRekExcFgwVQ"}}
[PASS] OTP Verify Clicked
[CLICK] Submit Registration
[PASS] Registration successful. Verification email sent.
Email verification for imhardikthanki+dn-ovl-inc-m-muxurlun@gmail.com. Gmail IMAP: enabled
Reading verification email from Gmail for imhardikthanki+dn-ovl-inc-m-muxurlun@gmail.com
Found verification link in Gmail INBOX UID 3797
Opened verification link from Gmail inbox
[INFO] Logging in
Login Attempt 1
[CLICK] Submit Login
[PASS] Logged in successfully
Current URL: https://uat.ooltool.com/onboarding
[INFO] Mobile verification step not shown
[INFO] Filling Risk Profile
[STEP] Open Experience Dropdown
[CLICK] Open Experience Dropdown
[CLICK] Select 3-5 years
 Options Experience  Beginner
[CLICK] Select Beginner
 Multi-leg Strategies  No
[CLICK] Select No
 Risk Tolerance  Moderate
[CLICK] Select Moderate
 Portfolio Loss  Keeping default 10%
 Preferred Duration  30-60 days
 Allowed Strategy  Covered Calls
 Allowed Strategy  Cash Secured Puts
 Account Type  Cash
 Cash Account Type selected
[CLICK] Save Risk Profile
[PASS] Risk Profile completed
Dropdown 0: 3-5 years Visible: [33mfalse[39m
Dropdown 1: United States Visible: [33mtrue[39m
Dropdown 2: Select Visible: [33mtrue[39m
Dropdown 3: Select level Visible: [33mtrue[39m
 Compliance tab opened successfully
[INFO] Filling Compliance Profile
[CLICK] Open State Dropdown
[CLICK] Select State
Selected State: Alabama
[PASS] State Selected
Found 5 disclosure(s)
[INFO] Processing Disclosure 1 of 5
[CLICK] Open Disclosure 1
[CLICK] Accept Disclosure 1
[PASS] Disclosure 1 Accepted
[INFO] Processing Disclosure 2 of 5
[CLICK] Open Disclosure 2
[CLICK] Accept Disclosure 2
[PASS] Disclosure 2 Accepted
[INFO] Processing Disclosure 3 of 5
[CLICK] Open Disclosure 3
[CLICK] Accept Disclosure 3
[PASS] Disclosure 3 Accepted
[INFO] Processing Disclosure 4 of 5
[CLICK] Open Disclosure 4
[CLICK] Accept Disclosure 4
[PASS] Disclosure 4 Accepted
[INFO] Processing Disclosure 5 of 5
[CLICK] Open Disclosure 5
[CLICK] Accept Disclosure 5
[PASS] Disclosure 5 Accepted
[CLICK] Save Compliance Profile
[URL] https://uat.ooltool.com/onboarding
[DOWNGRADE_OVERLAY_TO_INCOME_MONTHLY] disposable user: imhardikthanki+dn-ovl-inc-m-muxurlun@gmail.com
[INFO] Selecting monthly billing
[PASS] Monthly billing selected
[INFO] Selecting Overlay Strategists Plan
[INFO] Validating Overlay Strategists plan visibility
[PASS] Overlay Strategists plan is visible
[CLICK] Overlay Strategists Plan
[CLICK] Complete Setup
[PASS] Overlay Strategists selected
[INFO] Completing Stripe Payment
[PASS] Stripe Checkout Loaded
[PASS] Stripe Card Fields Visible
[PASS] Card Number Entered (...4242)
[PASS] Expiry Entered
[PASS] CVC Entered
[PASS] Billing Name Entered
[PASS] Country Selected India
[CLICK] Complete Payment
[PASS] Payment Submitted
[URL] https://uat.ooltool.com/dashboard?checkout=success
[DONE] Payment Completed
[INFO] Validating Dashboard
