npm warn Unknown env config "devdir". This will stop working in the next major version of npm. See `npm help npmrc` for supported config options.

Running 4 tests using 1 worker

(node:33296) Warning: The 'NO_COLOR' env is ignored due to the 'FORCE_COLOR' env being set.
(Use `node --trace-warnings ...` to show where the warning was created)
(node:33296) Warning: The 'NO_COLOR' env is ignored due to the 'FORCE_COLOR' env being set.
(Use `node --trace-warnings ...` to show where the warning was created)
[scenario] PURCHASE_INCOME_MONTHLY: New user buys Income Builder monthly with a valid Stripe test card; checks purchase emails and reuse of the finished checkout session.
buy-inc-mo Email: imhardikthanki+buy-inc-mo-muxuqoiq@gmail.com
buy-inc-mo Mobile: 2015551612
[INFO] Opening application
[CLICK] Open Start 30-Day Free Trial
[PASS] Registration page opened
[STEP] Registering: imhardikthanki+buy-inc-mo-muxuqoiq@gmail.com
Registration Email: imhardikthanki+buy-inc-mo-muxuqoiq@gmail.com
[CLICK] Send Code via SMS
Send OTP 429 {"error":"Too many OTP requests. Try again in 71s.","code":"RATE_LIMITED","request_id":"1766c132-bea7-4c57-a324-7b2df88f8dd1"}
[INFO] OTP input not visible after SMS request. Attempt 1/4. Send status 429. Visible diagnostics: mobile="2015551612", sendCodeEnabled=true; OR SIGN UP WITH EMAIL & MOBILE | Mobile number | US mobile numbers only. We’ll text you a one-time code. | Send code via SMS
[INFO] OTP rate limit. Waiting 76s, then sending on 2015550067.
[CLICK] Send Code via SMS (DOM click)
Send OTP 429 {"error":"Too many OTP requests. Try again in 572s.","code":"RATE_LIMITED","request_id":"24b41c47-f751-44bc-a372-f2f8b09c9570"}
[INFO] OTP input not visible after SMS request. Attempt 2/4. Send status 429. Visible diagnostics: mobile="2015550067", sendCodeEnabled=true; OR SIGN UP WITH EMAIL & MOBILE | Mobile number | US mobile numbers only. We’ll text you a one-time code. | Send code via SMS
[INFO] OTP rate limit. Waiting 90s, then sending on 2015552526.
