npm warn Unknown env config "devdir". This will stop working in the next major version of npm. See `npm help npmrc` for supported config options.

Running 1 test using 1 worker

(node:34756) Warning: The 'NO_COLOR' env is ignored due to the 'FORCE_COLOR' env being set.
(Use `node --trace-warnings ...` to show where the warning was created)
(node:34756) Warning: The 'NO_COLOR' env is ignored due to the 'FORCE_COLOR' env being set.
(Use `node --trace-warnings ...` to show where the warning was created)
[scenario] UPGRADE_DOUBLE_CLICK_INCOME_TO_OVERLAY: Paid Income Builder monthly user double-clicks the upgrade confirmation; expects one upgrade and one charge.
up-dbl Email: imhardikthanki+up-dbl-muxurduj@gmail.com
up-dbl Mobile: 2015555555
[INFO] Opening application
[CLICK] Open Start 30-Day Free Trial
[PASS] Registration page opened
[STEP] Registering: imhardikthanki+up-dbl-muxurduj@gmail.com
Registration Email: imhardikthanki+up-dbl-muxurduj@gmail.com
[CLICK] Send Code via SMS
Send OTP 429 {"error":"Too many OTP requests. Try again in 37s.","code":"RATE_LIMITED","request_id":"9064f569-88b6-4ebd-84f3-21616cc7e886"}
[INFO] OTP input not visible after SMS request. Attempt 1/4. Send status 429. Visible diagnostics: mobile="2015555555", sendCodeEnabled=true; OR SIGN UP WITH EMAIL & MOBILE | Mobile number | US mobile numbers only. We’ll text you a one-time code. | Send code via SMS
[INFO] OTP rate limit. Waiting 42s, then sending on 2015558704.
[CLICK] Send Code via SMS (DOM click)
Send OTP 200 {"data":{"sent":true,"requestId":"dev-bypass"}}
[INFO] Entering OTP 111111
Verify OTP 200 {"data":{"verified":true,"phone":"+12015558704","token":"KzEyMDE1NTU4NzA0LjE3OTEzNjI4MDcwMTIuQnVaUDhzRG5sOHhVY29GR0xPbWVucjJFNGduaTRoUUNGc2VGVnpQak5oaw"}}
[PASS] OTP Verify Clicked
[CLICK] Submit Registration
[PASS] Registration successful. Verification email sent.
Email verification for imhardikthanki+up-dbl-muxurduj@gmail.com. Gmail IMAP: enabled
Reading verification email from Gmail for imhardikthanki+up-dbl-muxurduj@gmail.com
Found verification link in Gmail INBOX UID 3795
Opened verification link from Gmail inbox
[INFO] Logging in
Login Attempt 1
[CLICK] Submit Login
[PASS] Logged in successfully
Current URL: https://uat.ooltool.com/onboarding
[INFO] Mobile verification step not shown
[INFO] Filling Risk Profile
[STEP] Open Experience Dropdown
[CLICK] Open Experience Dropdown
[CLICK] Select 3-5 years
 Options Experience  Beginner
[CLICK] Select Beginner
 Multi-leg Strategies  No
[CLICK] Select No
 Risk Tolerance  Moderate
[CLICK] Select Moderate
 Portfolio Loss  Keeping default 10%
 Preferred Duration  30-60 days
 Allowed Strategy  Covered Calls
 Allowed Strategy  Cash Secured Puts
 Account Type  Cash
 Cash Account Type selected
[CLICK] Save Risk Profile
[PASS] Risk Profile completed
Dropdown 0: 3-5 years Visible: [33mfalse[39m
Dropdown 1: United States Visible: [33mtrue[39m
Dropdown 2: Select Visible: [33mtrue[39m
Dropdown 3: Select level Visible: [33mtrue[39m
 Compliance tab opened successfully
[INFO] Filling Compliance Profile
[CLICK] Open State Dropdown
[CLICK] Select State
Selected State: Alabama
[PASS] State Selected
Found 5 disclosure(s)
[INFO] Processing Disclosure 1 of 5
[CLICK] Open Disclosure 1
[CLICK] Accept Disclosure 1
[PASS] Disclosure 1 Accepted
[INFO] Processing Disclosure 2 of 5
[CLICK] Open Disclosure 2
[CLICK] Accept Disclosure 2
[PASS] Disclosure 2 Accepted
[INFO] Processing Disclosure 3 of 5
[CLICK] Open Disclosure 3
[CLICK] Accept Disclosure 3
[PASS] Disclosure 3 Accepted
[INFO] Processing Disclosure 4 of 5
[CLICK] Open Disclosure 4
[CLICK] Accept Disclosure 4
[PASS] Disclosure 4 Accepted
[INFO] Processing Disclosure 5 of 5
[CLICK] Open Disclosure 5
[CLICK] Accept Disclosure 5
[PASS] Disclosure 5 Accepted
[CLICK] Save Compliance Profile
[URL] https://uat.ooltool.com/onboarding
[UPGRADE_DOUBLE_CLICK_INCOME_TO_OVERLAY] disposable user: imhardikthanki+up-dbl-muxurduj@gmail.com
[INFO] Selecting monthly billing
[PASS] Monthly billing selected
[INFO] Selecting Income Builder Plan
[INFO] Validating Income Builder plan visibility
[PASS] Income Builder plan is visible
[CLICK] Income Builder Plan
[CLICK] Complete Setup
[PASS] Income Builder selected
[INFO] Completing Stripe Payment
[PASS] Stripe Checkout Loaded
[PASS] Stripe Card Fields Visible
[PASS] Card Number Entered (...4242)
[PASS] Expiry Entered
[PASS] CVC Entered
[PASS] Billing Name Entered
[PASS] Country Selected India
[CLICK] Complete Payment
[PASS] Payment Submitted
