npm warn Unknown env config "devdir". This will stop working in the next major version of npm. See `npm help npmrc` for supported config options.

Running 8 tests using 1 worker

(node:29460) Warning: The 'NO_COLOR' env is ignored due to the 'FORCE_COLOR' env being set.
(Use `node --trace-warnings ...` to show where the warning was created)
(node:29460) Warning: The 'NO_COLOR' env is ignored due to the 'FORCE_COLOR' env being set.
(Use `node --trace-warnings ...` to show where the warning was created)
[scenario] UPGRADE_INCOME_MONTHLY_TO_OVERLAY_MONTHLY: Paid Income Builder monthly user upgrades to Overlay Strategists monthly using the saved card.
up-inc-ovl-m Email: imhardikthanki+up-inc-ovl-m-muxuqtzk@gmail.com
up-inc-ovl-m Mobile: 2015556242
[INFO] Opening application
[CLICK] Open Start 30-Day Free Trial
[PASS] Registration page opened
[STEP] Registering: imhardikthanki+up-inc-ovl-m-muxuqtzk@gmail.com
Registration Email: imhardikthanki+up-inc-ovl-m-muxuqtzk@gmail.com
[CLICK] Send Code via SMS
Send OTP 429 {"error":"Too many OTP requests. Try again in 63s.","code":"RATE_LIMITED","request_id":"857fed80-770b-4b45-b46d-b041fe5b6f4d"}
[INFO] OTP input not visible after SMS request. Attempt 1/4. Send status 429. Visible diagnostics: mobile="2015556242", sendCodeEnabled=true; OR SIGN UP WITH EMAIL & MOBILE | Mobile number | US mobile numbers only. We’ll text you a one-time code. | Send code via SMS
[INFO] OTP rate limit. Waiting 68s, then sending on 2015551165.
[CLICK] Send Code via SMS (DOM click)
Send OTP 429 {"error":"Too many OTP requests. Try again in 578s.","code":"RATE_LIMITED","request_id":"c6b4ef6d-c550-48d7-bd2b-d438c6ecb988"}
[INFO] OTP input not visible after SMS request. Attempt 2/4. Send status 429. Visible diagnostics: mobile="2015551165", sendCodeEnabled=true; OR SIGN UP WITH EMAIL & MOBILE | Mobile number | US mobile numbers only. We’ll text you a one-time code. | Send code via SMS
[INFO] OTP rate limit. Waiting 90s, then sending on 2015558489.
